2026-09-21 22:57:32 Launcher start
2026-09-21 22:57:34 Started backend pid=41196
2026-09-21 22:57:36 Starting WebView2
2026-09-21 22:57:38 Window loaded
2026-09-21 22:58:49 Cleaning backend pid=41196
2026-09-21 22:58:50 WebView2 returned
2026-09-21 22:59:47 Launcher start
2026-09-21 22:59:48 Started backend pid=42976
2026-09-21 22:59:51 Starting WebView2
2026-09-21 22:59:52 Window loaded
2026-09-21 23:03:15 Cleaning backend pid=42976
2026-09-21 23:03:16 WebView2 returned
2026-09-22 10:56:14 Launcher start
2026-09-22 10:56:15 Started backend pid=3652
2026-09-22 10:56:19 Starting WebView2
2026-09-22 10:56:22 Window loaded
2026-09-22 14:39:46 Window loaded
2026-09-22 15:32:02 Window loaded
2026-09-22 15:36:33 Window loaded
2026-09-22 15:43:16 Window loaded
2026-09-22 16:13:02 Window loaded
2026-09-22 16:13:07 Window loaded
2026-09-22 16:13:58 Window loaded
2026-09-22 16:14:51 Window loaded
2026-09-22 16:23:45 Window loaded
2026-09-22 16:24:18 Window loaded
2026-09-22 16:24:22 Window loaded
2026-09-22 16:24:24 Window loaded
2026-09-22 16:24:25 Window loaded
2026-09-22 17:13:24 Cleaning backend pid=3652
2026-09-22 17:13:25 WebView2 returned
